\BOOKMARK [1][-]{section.1}{\376\377\000I\000n\000t\000r\000o\000d\000u\000c\000t\000i\000o\000n}{}% 1
\BOOKMARK [1][-]{section.2}{\376\377\000R\000e\000l\000a\000t\000e\000d\000\040\000W\000o\000r\000k\000s}{}% 2
\BOOKMARK [1][-]{section.3}{\376\377\000M\000a\000t\000e\000r\000i\000a\000l\000s\000\040\000a\000n\000d\000\040\000M\000e\000t\000h\000o\000d\000s}{}% 3
\BOOKMARK [2][-]{subsection.3.1}{\376\377\000D\000a\000t\000a\000s\000e\000t}{section.3}% 4
\BOOKMARK [2][-]{subsection.3.2}{\376\377\000V\000i\000s\000i\000o\000n\000\040\000T\000r\000a\000n\000s\000f\000o\000r\000m\000e\000r}{section.3}% 5
\BOOKMARK [2][-]{subsection.3.3}{\376\377\000R\000a\000n\000d\000o\000m\000\040\000F\000o\000r\000e\000s\000t}{section.3}% 6
\BOOKMARK [2][-]{subsection.3.4}{\376\377\000G\000a\000u\000s\000s\000i\000a\000n\000\040\000N\000a\000i\000v\000e\000\040\000B\000a\000y\000e\000s}{section.3}% 7
\BOOKMARK [2][-]{subsection.3.5}{\376\377\000L\000o\000g\000i\000s\000t\000i\000c\000\040\000R\000e\000g\000r\000e\000s\000s\000i\000o\000n}{section.3}% 8
\BOOKMARK [2][-]{subsection.3.6}{\376\377\000S\000u\000p\000p\000o\000r\000t\000\040\000V\000e\000c\000t\000o\000r\000\040\000M\000a\000c\000h\000i\000n\000e}{section.3}% 9
\BOOKMARK [2][-]{subsection.3.7}{\376\377\000C\000l\000a\000s\000s\000i\000f\000i\000c\000a\000t\000i\000o\000n\000\040\000P\000i\000p\000e\000l\000i\000n\000e}{section.3}% 10
\BOOKMARK [2][-]{subsection.3.8}{\376\377\000E\000v\000a\000l\000u\000a\000t\000i\000o\000n\000\040\000M\000e\000t\000r\000i\000c\000s}{section.3}% 11
\BOOKMARK [1][-]{section.4}{\376\377\000R\000e\000s\000u\000l\000t\000s\000\040\000a\000n\000d\000\040\000D\000i\000s\000c\000u\000s\000s\000i\000o\000n}{}% 12
\BOOKMARK [2][-]{subsection.4.1}{\376\377\000G\000l\000o\000b\000a\000l\000\040\000P\000e\000r\000f\000o\000r\000m\000a\000n\000c\000e\000\040\000A\000n\000a\000l\000y\000s\000i\000s}{section.4}% 13
\BOOKMARK [2][-]{subsection.4.2}{\376\377\000F\000e\000a\000t\000u\000r\000e\000\040\000A\000b\000l\000a\000t\000i\000o\000n\000\040\000S\000t\000u\000d\000y}{section.4}% 14
\BOOKMARK [2][-]{subsection.4.3}{\376\377\000I\000n\000t\000e\000r\000s\000e\000c\000t\000i\000o\000n\000a\000l\000\040\000S\000u\000b\000g\000r\000o\000u\000p\000\040\000P\000e\000r\000f\000o\000r\000m\000a\000n\000c\000e}{section.4}% 15
\BOOKMARK [2][-]{subsection.4.4}{\376\377\000E\000r\000r\000o\000r\000\040\000P\000a\000t\000t\000e\000r\000n\000\040\000A\000s\000s\000e\000s\000s\000m\000e\000n\000t}{section.4}% 16
\BOOKMARK [2][-]{subsection.4.5}{\376\377\000S\000e\000l\000e\000c\000t\000e\000d\000\040\000S\000V\000M\000\040\000K\000e\000r\000n\000e\000l\000\040\000C\000o\000n\000f\000i\000g\000u\000r\000a\000t\000i\000o\000n}{section.4}% 17
\BOOKMARK [2][-]{subsection.4.6}{\376\377\000C\000o\000m\000p\000a\000r\000i\000s\000o\000n\000\040\000w\000i\000t\000h\000\040\000P\000r\000i\000o\000r\000\040\000S\000t\000u\000d\000i\000e\000s}{section.4}% 18
\BOOKMARK [1][-]{section.5}{\376\377\000C\000o\000n\000c\000l\000u\000s\000i\000o\000n}{}% 19
\BOOKMARK [1][-]{section*.1}{\376\377\000R\000E\000F\000E\000R\000E\000N\000C\000E\000S}{}% 20
\BOOKMARK [2][-]{section*.2}{\376\377\000R\000i\000c\000k\000y\000\040\000E\000k\000a\000\040\000P\000u\000t\000r\000a}{section*.1}% 21
\BOOKMARK [2][-]{section*.2}{\376\377\000R\000e\000z\000k\000y\000\040\000A\000r\000i\000s\000a\000n\000t\000i\000\040\000P\000u\000t\000r\000i}{section*.1}% 22
\BOOKMARK [2][-]{section*.2}{\376\377\000Y\000u\000n\000i\000\040\000Y\000a\000m\000a\000s\000a\000r\000i}{section*.1}% 23
\BOOKMARK [2][-]{section*.2}{\376\377\000R\000a\000f\000y\000\040\000A\000u\000l\000i\000a\000\040\000A\000k\000b\000a\000r}{section*.1}% 24
