This is pdfTeX, Version 3.141592653-2.6-1.40.28 (MiKTeX 25.12) (preloaded format=pdflatex 2026.8.25)  7 SEP 2026 07:00
entering extended mode
 restricted \write18 enabled.
 %&-line parsing enabled.
**./access.tex
(access.tex
LaTeX2e <2025-11-01>
L3 programming layer <2025-12-24>
(ieeeaccess.cls (IEEEtran.cls
Document Class: IEEEtran 2015/08/26 V1.8b by Michael Shell
-- See the "IEEEtran_HOWTO" manual for usage information.
-- http://www.michaelshell.org/tex/ieeetran/
\@IEEEtrantmpdimenA=\dimen148
\@IEEEtrantmpdimenB=\dimen149
\@IEEEtrantmpdimenC=\dimen150
\@IEEEtrantmpcountA=\count275
\@IEEEtrantmpcountB=\count276
\@IEEEtrantmpcountC=\count277
\@IEEEtrantmptoksA=\toks17
LaTeX Font Info:    Trying to load font information for OT1+ptm on input line 5
03.
(C:\Users\Rafy\AppData\Local\Programs\MiKTeX\tex/latex/psnfss\ot1ptm.fd
File: ot1ptm.fd 2001/06/04 font definitions for OT1/ptm.
)
-- Using 8.5in x 11in (letter) paper.
-- Using PDF output.
\@IEEEnormalsizeunitybaselineskip=\dimen151
-- This is a 10 point document.
LaTeX Encoding Info:    Redeclaring text command \textunderscore (encoding ?) o
n input line 937.
\CLASSINFOnormalsizebaselineskip=\dimen152
\CLASSINFOnormalsizeunitybaselineskip=\dimen153
\IEEEnormaljot=\dimen154
LaTeX Font Info:    Font shape `OT1/ptm/bx/n' in size <5> not available
(Font)              Font shape `OT1/ptm/b/n' tried instead on input line 1090.
LaTeX Font Info:    Font shape `OT1/ptm/bx/it' in size <5> not available
(Font)              Font shape `OT1/ptm/b/it' tried instead on input line 1090.

LaTeX Font Info:    Font shape `OT1/ptm/bx/n' in size <7> not available
(Font)              Font shape `OT1/ptm/b/n' tried instead on input line 1090.
LaTeX Font Info:    Font shape `OT1/ptm/bx/it' in size <7> not available
(Font)              Font shape `OT1/ptm/b/it' tried instead on input line 1090.

LaTeX Font Info:    Font shape `OT1/ptm/bx/n' in size <8> not available
(Font)              Font shape `OT1/ptm/b/n' tried instead on input line 1090.
LaTeX Font Info:    Font shape `OT1/ptm/bx/it' in size <8> not available
(Font)              Font shape `OT1/ptm/b/it' tried instead on input line 1090.

LaTeX Font Info:    Font shape `OT1/ptm/bx/n' in size <9> not available
(Font)              Font shape `OT1/ptm/b/n' tried instead on input line 1090.
LaTeX Font Info:    Font shape `OT1/ptm/bx/it' in size <9> not available
(Font)              Font shape `OT1/ptm/b/it' tried instead on input line 1090.

LaTeX Font Info:    Font shape `OT1/ptm/bx/n' in size <10> not available
(Font)              Font shape `OT1/ptm/b/n' tried instead on input line 1090.
LaTeX Font Info:    Font shape `OT1/ptm/bx/it' in size <10> not available
(Font)              Font shape `OT1/ptm/b/it' tried instead on input line 1090.

LaTeX Font Info:    Font shape `OT1/ptm/bx/n' in size <11> not available
(Font)              Font shape `OT1/ptm/b/n' tried instead on input line 1090.
LaTeX Font Info:    Font shape `OT1/ptm/bx/it' in size <11> not available
(Font)              Font shape `OT1/ptm/b/it' tried instead on input line 1090.

LaTeX Font Info:    Font shape `OT1/ptm/bx/n' in size <12> not available
(Font)              Font shape `OT1/ptm/b/n' tried instead on input line 1090.
LaTeX Font Info:    Font shape `OT1/ptm/bx/it' in size <12> not available
(Font)              Font shape `OT1/ptm/b/it' tried instead on input line 1090.

LaTeX Font Info:    Font shape `OT1/ptm/bx/n' in size <17> not available
(Font)              Font shape `OT1/ptm/b/n' tried instead on input line 1090.
LaTeX Font Info:    Font shape `OT1/ptm/bx/it' in size <17> not available
(Font)              Font shape `OT1/ptm/b/it' tried instead on input line 1090.

LaTeX Font Info:    Font shape `OT1/ptm/bx/n' in size <20> not available
(Font)              Font shape `OT1/ptm/b/n' tried instead on input line 1090.
LaTeX Font Info:    Font shape `OT1/ptm/bx/it' in size <20> not available
(Font)              Font shape `OT1/ptm/b/it' tried instead on input line 1090.

LaTeX Font Info:    Font shape `OT1/ptm/bx/n' in size <24> not available
(Font)              Font shape `OT1/ptm/b/n' tried instead on input line 1090.
LaTeX Font Info:    Font shape `OT1/ptm/bx/it' in size <24> not available
(Font)              Font shape `OT1/ptm/b/it' tried instead on input line 1090.

\IEEEquantizedlength=\dimen155
\IEEEquantizedlengthdiff=\dimen156
\IEEEquantizedtextheightdiff=\dimen157
\IEEEilabelindentA=\dimen158
\IEEEilabelindentB=\dimen159
\IEEEilabelindent=\dimen160
\IEEEelabelindent=\dimen161
\IEEEdlabelindent=\dimen162
\IEEElabelindent=\dimen163
\IEEEiednormlabelsep=\dimen164
\IEEEiedmathlabelsep=\dimen165
\IEEEiedtopsep=\skip49
\c@section=\count278
\c@subsection=\count279
\c@subsubsection=\count280
\c@paragraph=\count281
\c@IEEEsubequation=\count282
\abovecaptionskip=\skip50
\belowcaptionskip=\skip51
\c@figure=\count283
\c@table=\count284
\@IEEEeqnnumcols=\count285
\@IEEEeqncolcnt=\count286
\@IEEEsubeqnnumrollback=\count287
\@IEEEquantizeheightA=\dimen166
\@IEEEquantizeheightB=\dimen167
\@IEEEquantizeheightC=\dimen168
\@IEEEquantizeprevdepth=\dimen169
\@IEEEquantizemultiple=\count288
\@IEEEquantizeboxA=\box53
\@IEEEtmpitemindent=\dimen170
\IEEEPARstartletwidth=\dimen171
\c@IEEEbiography=\count289
\@IEEEtranrubishbin=\box54
) (C:\Users\Rafy\AppData\Local\Programs\MiKTeX\tex/generic/iftex\ifpdf.sty
Package: ifpdf 2019/10/25 v3.4 ifpdf legacy package. Use iftex instead.

(C:\Users\Rafy\AppData\Local\Programs\MiKTeX\tex/generic/iftex\iftex.sty
Package: iftex 2024/12/12 v1.0g TeX engine tests
))
(C:\Users\Rafy\AppData\Local\Programs\MiKTeX\tex/latex/xkeyval\xkeyval.sty
Package: xkeyval 2022/06/16 v2.9 package option processing (HA)

(C:\Users\Rafy\AppData\Local\Programs\MiKTeX\tex/generic/xkeyval\xkeyval.tex
(C:\Users\Rafy\AppData\Local\Programs\MiKTeX\tex/generic/xkeyval\xkvutils.tex
\XKV@toks=\toks18
\XKV@tempa@toks=\toks19

(C:\Users\Rafy\AppData\Local\Programs\MiKTeX\tex/generic/xkeyval\keyval.tex))
\XKV@depth=\count290
File: xkeyval.tex 2014/12/03 v2.7a key=value parser (HA)
)){C:/Users/Rafy/AppData/Local/MiKTeX/fonts/map/pdftex/pdftex.map}{./t1-times.m
ap}{./t1-formata.map}{./t1-giovannistd.map}
\@draftversionrule=\dimen172

(C:\Users\Rafy\AppData\Local\Programs\MiKTeX\tex/latex/graphics\color.sty
Package: color 2025/01/14 v1.3e Standard LaTeX Color (DPC)

(C:\Users\Rafy\AppData\Local\Programs\MiKTeX\tex/latex/graphics-cfg\color.cfg
File: color.cfg 2016/01/02 v1.6 sample color configuration
)
Package color Info: Driver file: pdftex.def on input line 149.

(C:\Users\Rafy\AppData\Local\Programs\MiKTeX\tex/latex/graphics-def\pdftex.def
File: pdftex.def 2025/09/29 v1.2d Graphics/color driver for pdftex
) (C:\Users\Rafy\AppData\Local\Programs\MiKTeX\tex/latex/graphics\mathcolor.ltx
)) (spotcolor.sty
Package: spotcolor 2006/11/15 v1.2 Package for adding Spot Color support to pdf
LaTeX.

(C:\Users\Rafy\AppData\Local\Programs\MiKTeX\tex/latex/graphics\graphics.sty
Package: graphics 2024/08/06 v1.4g Standard LaTeX Graphics (DPC,SPQR)

(C:\Users\Rafy\AppData\Local\Programs\MiKTeX\tex/latex/graphics\trig.sty
Package: trig 2023/12/02 v1.11 sin cos tan (DPC)
)
(C:\Users\Rafy\AppData\Local\Programs\MiKTeX\tex/latex/graphics-cfg\graphics.cf
g
File: graphics.cfg 2016/06/04 v1.11 sample graphics configuration
)
Package graphics Info: Driver file: pdftex.def on input line 106.
)
\thecolorprofile=\count291
\thecolor=\count292
)
\PANTONE=\toks20
Package color Info: Redefining color black on input line 287.
\figbox=\box55
\titlewidth=\skip52
\abstractwidth=\skip53
\c@addrCtr=\count293
\abstractbox=\box56
\indexbox=\box57
\absht=\dimen173
\kwdht=\dimen174
\@tempcntc=\count294
\titlepgskip=\skip54
\maketitlebox=\box58
)
(C:\Users\Rafy\AppData\Local\Programs\MiKTeX\tex/latex/amsmath\amsmath.sty
Package: amsmath 2025/07/09 v2.17z AMS math features
\@mathmargin=\skip55

For additional information on amsmath, use the `?' option.
(C:\Users\Rafy\AppData\Local\Programs\MiKTeX\tex/latex/amsmath\amstext.sty
Package: amstext 2024/11/17 v2.01 AMS text

(C:\Users\Rafy\AppData\Local\Programs\MiKTeX\tex/latex/amsmath\amsgen.sty
File: amsgen.sty 1999/11/30 v2.0 generic functions
\@emptytoks=\toks21
\ex@=\dimen175
))
(C:\Users\Rafy\AppData\Local\Programs\MiKTeX\tex/latex/amsmath\amsbsy.sty
Package: amsbsy 1999/11/29 v1.2d Bold Symbols
\pmbraise@=\dimen176
)
(C:\Users\Rafy\AppData\Local\Programs\MiKTeX\tex/latex/amsmath\amsopn.sty
Package: amsopn 2022/04/08 v2.04 operator names
)
\inf@bad=\count295
LaTeX Info: Redefining \frac on input line 233.
\uproot@=\count296
\leftroot@=\count297
LaTeX Info: Redefining \overline on input line 398.
LaTeX Info: Redefining \colon on input line 409.
\classnum@=\count298
\DOTSCASE@=\count299
LaTeX Info: Redefining \ldots on input line 495.
LaTeX Info: Redefining \dots on input line 498.
LaTeX Info: Redefining \cdots on input line 619.
\Mathstrutbox@=\box59
\strutbox@=\box60
LaTeX Info: Redefining \big on input line 721.
LaTeX Info: Redefining \Big on input line 722.
LaTeX Info: Redefining \bigg on input line 723.
LaTeX Info: Redefining \Bigg on input line 724.
\big@size=\dimen177
LaTeX Font Info:    Redeclaring font encoding OML on input line 742.
LaTeX Font Info:    Redeclaring font encoding OMS on input line 743.
\macc@depth=\count300
LaTeX Info: Redefining \bmod on input line 904.
LaTeX Info: Redefining \pmod on input line 909.
LaTeX Info: Redefining \smash on input line 939.
LaTeX Info: Redefining \relbar on input line 969.
LaTeX Info: Redefining \Relbar on input line 970.
\c@MaxMatrixCols=\count301
\dotsspace@=\muskip17
\c@parentequation=\count302
\dspbrk@lvl=\count303
\tag@help=\toks22
\row@=\count304
\column@=\count305
\maxfields@=\count306
\andhelp@=\toks23
\eqnshift@=\dimen178
\alignsep@=\dimen179
\tagshift@=\dimen180
\tagwidth@=\dimen181
\totwidth@=\dimen182
\lineht@=\dimen183
\@envbody=\toks24
\multlinegap=\skip56
\multlinetaggap=\skip57
\mathdisplay@stack=\toks25
LaTeX Info: Redefining \[ on input line 2950.
LaTeX Info: Redefining \] on input line 2951.
)
(C:\Users\Rafy\AppData\Local\Programs\MiKTeX\tex/latex/amsfonts\amssymb.sty
Package: amssymb 2013/01/14 v3.01 AMS font symbols

(C:\Users\Rafy\AppData\Local\Programs\MiKTeX\tex/latex/amsfonts\amsfonts.sty
Package: amsfonts 2013/01/14 v3.01 Basic AMSFonts support
\symAMSa=\mathgroup4
\symAMSb=\mathgroup5
LaTeX Font Info:    Redeclaring math symbol \hbar on input line 98.
LaTeX Font Info:    Overwriting math alphabet `\mathfrak' in version `bold'
(Font)                  U/euf/m/n --> U/euf/b/n on input line 106.
))
(C:\Users\Rafy\AppData\Local\Programs\MiKTeX\tex/latex/algorithms\algorithmic.s
ty
Package: algorithmic 2009/08/24 v0.1 Document Style `algorithmic'
 (C:\Users\Rafy\AppData\Local\Programs\MiKTeX\tex/latex/base\ifthen.sty
Package: ifthen 2024/03/16 v1.1e Standard LaTeX ifthen package (DPC)
)
\c@ALC@unique=\count307
\c@ALC@line=\count308
\c@ALC@rem=\count309
\c@ALC@depth=\count310
\ALC@tlm=\skip58
\algorithmicindent=\skip59
)
(C:\Users\Rafy\AppData\Local\Programs\MiKTeX\tex/latex/graphics\graphicx.sty
Package: graphicx 2024/12/31 v1.2e Enhanced LaTeX Graphics (DPC,SPQR)
\Gin@req@height=\dimen184
\Gin@req@width=\dimen185
)
(C:\Users\Rafy\AppData\Local\Programs\MiKTeX\tex/latex/base\textcomp.sty
Package: textcomp 2024/04/24 v2.1b Standard LaTeX package
)
(C:\Users\Rafy\AppData\Local\Programs\MiKTeX\tex/latex/booktabs\booktabs.sty
Package: booktabs 2020/01/12 v1.61803398 Publication quality tables
\heavyrulewidth=\dimen186
\lightrulewidth=\dimen187
\cmidrulewidth=\dimen188
\belowrulesep=\dimen189
\belowbottomsep=\dimen190
\aboverulesep=\dimen191
\abovetopsep=\dimen192
\cmidrulesep=\dimen193
\cmidrulekern=\dimen194
\defaultaddspace=\dimen195
\@cmidla=\count311
\@cmidlb=\count312
\@aboverulesep=\dimen196
\@belowrulesep=\dimen197
\@thisruleclass=\count313
\@lastruleclass=\count314
\@thisrulewidth=\dimen198
)
(C:\Users\Rafy\AppData\Local\Programs\MiKTeX\tex/latex/tools\tabularx.sty
Package: tabularx 2023/12/11 v2.12a `tabularx' package (DPC)

(C:\Users\Rafy\AppData\Local\Programs\MiKTeX\tex/latex/tools\array.sty
Package: array 2025/09/25 v2.6n Tabular extension package (FMi)
\col@sep=\dimen199
\ar@mcellbox=\box61
\extrarowheight=\dimen256
\NC@list=\toks26
\extratabsurround=\skip60
\backup@length=\skip61
\ar@cellbox=\box62
)
\TX@col@width=\dimen257
\TX@old@table=\dimen258
\TX@old@col=\dimen259
\TX@target=\dimen260
\TX@delta=\dimen261
\TX@cols=\count315
\TX@ftn=\toks27
)
(C:\Users\Rafy\AppData\Local\Programs\MiKTeX\tex/latex/multirow\multirow.sty
Package: multirow 2024/11/12 v2.9 Span multiple rows of a table
\multirow@colwidth=\skip62
\multirow@cntb=\count316
\multirow@dima=\skip63
\bigstrutjot=\dimen262
)
(C:\Users\Rafy\AppData\Local\Programs\MiKTeX\tex/latex/subfigure\subfigure.sty
Package: subfigure 2002/07/30 v2.1.4 subfigure package
\subfigtopskip=\skip64
\subfigcapskip=\skip65
\subfigcaptopadj=\dimen263
\subfigbottomskip=\skip66
\subfigcapmargin=\dimen264
\subfiglabelskip=\skip67
\c@subfigure=\count317
\c@lofdepth=\count318
\c@subtable=\count319
\c@lotdepth=\count320

****************************************
* Local config file subfigure.cfg used *
****************************************
(C:\Users\Rafy\AppData\Local\Programs\MiKTeX\tex/latex/subfigure\subfigure.cfg)
\subfig@top=\skip68
\subfig@bottom=\skip69
) (C:\Users\Rafy\AppData\Local\Programs\MiKTeX\tex/latex/url\url.sty
\Urlmuskip=\muskip18
Package: url 2013/09/16  ver 3.4  Verb mode for urls, etc.
)
(C:\Users\Rafy\AppData\Local\Programs\MiKTeX\tex/latex/hyperref\hyperref.sty
Package: hyperref 2025-07-12 v7.01o Hypertext links for LaTeX

(C:\Users\Rafy\AppData\Local\Programs\MiKTeX\tex/latex/kvsetkeys\kvsetkeys.sty
Package: kvsetkeys 2022-10-05 v1.19 Key value parser (HO)
)
(C:\Users\Rafy\AppData\Local\Programs\MiKTeX\tex/generic/kvdefinekeys\kvdefinek
eys.sty
Package: kvdefinekeys 2019-12-19 v1.6 Define keys (HO)
)
(C:\Users\Rafy\AppData\Local\Programs\MiKTeX\tex/generic/pdfescape\pdfescape.st
y
Package: pdfescape 2019/12/09 v1.15 Implements pdfTeX's escape features (HO)
 (C:\Users\Rafy\AppData\Local\Programs\MiKTeX\tex/generic/ltxcmds\ltxcmds.sty
Package: ltxcmds 2023-12-04 v1.26 LaTeX kernel commands for general use (HO)
)
(C:\Users\Rafy\AppData\Local\Programs\MiKTeX\tex/generic/pdftexcmds\pdftexcmds.
sty
Package: pdftexcmds 2020-06-27 v0.33 Utility functions of pdfTeX for LuaTeX (HO
)

(C:\Users\Rafy\AppData\Local\Programs\MiKTeX\tex/generic/infwarerr\infwarerr.st
y
Package: infwarerr 2019/12/03 v1.5 Providing info/warning/error messages (HO)
)
Package pdftexcmds Info: \pdf@primitive is available.
Package pdftexcmds Info: \pdf@ifprimitive is available.
Package pdftexcmds Info: \pdfdraftmode found.
)) (C:\Users\Rafy\AppData\Local\Programs\MiKTeX\tex/latex/hycolor\hycolor.sty
Package: hycolor 2020-01-27 v1.10 Color options for hyperref/bookmark (HO)
) (C:\Users\Rafy\AppData\Local\Programs\MiKTeX\tex/latex/hyperref\nameref.sty
Package: nameref 2025-06-21 v2.57 Cross-referencing by name of section

(C:\Users\Rafy\AppData\Local\Programs\MiKTeX\tex/latex/refcount\refcount.sty
Package: refcount 2019/12/15 v3.6 Data extraction from label references (HO)
)
(C:\Users\Rafy\AppData\Local\Programs\MiKTeX\tex/generic/gettitlestring\gettitl
estring.sty
Package: gettitlestring 2019/12/15 v1.6 Cleanup title references (HO)

(C:\Users\Rafy\AppData\Local\Programs\MiKTeX\tex/latex/kvoptions\kvoptions.sty
Package: kvoptions 2022-06-15 v3.15 Key value format for package options (HO)
))
\c@section@level=\count321
) (C:\Users\Rafy\AppData\Local\Programs\MiKTeX\tex/latex/etoolbox\etoolbox.sty
Package: etoolbox 2025/10/02 v2.5m e-TeX tools for LaTeX (JAW)
\etb@tempcnta=\count322
)
(C:\Users\Rafy\AppData\Local\Programs\MiKTeX\tex/generic/stringenc\stringenc.st
y
Package: stringenc 2019/11/29 v1.12 Convert strings between diff. encodings (HO
)
)
\@linkdim=\dimen265
\Hy@linkcounter=\count323
\Hy@pagecounter=\count324
 (C:\Users\Rafy\AppData\Local\Programs\MiKTeX\tex/latex/hyperref\pd1enc.def
File: pd1enc.def 2025-07-12 v7.01o Hyperref: PDFDocEncoding definition (HO)
Now handling font encoding PD1 ...
... no UTF-8 mapping file for font encoding PD1
)
(C:\Users\Rafy\AppData\Local\Programs\MiKTeX\tex/generic/intcalc\intcalc.sty
Package: intcalc 2019/12/15 v1.3 Expandable calculations with integers (HO)
)
\Hy@SavedSpaceFactor=\count325

(C:\Users\Rafy\AppData\Local\Programs\MiKTeX\tex/latex/hyperref\puenc.def
File: puenc.def 2025-07-12 v7.01o Hyperref: PDF Unicode definition (HO)
Now handling font encoding PU ...
... no UTF-8 mapping file for font encoding PU
)
Package hyperref Info: Hyper figures OFF on input line 4195.
Package hyperref Info: Link nesting OFF on input line 4200.
Package hyperref Info: Hyper index ON on input line 4203.
Package hyperref Info: Plain pages OFF on input line 4210.
Package hyperref Info: Backreferencing OFF on input line 4215.
Package hyperref Info: Implicit mode ON; LaTeX internals redefined.
Package hyperref Info: Bookmarks ON on input line 4462.
\c@Hy@tempcnt=\count326
LaTeX Info: Redefining \url on input line 4801.
\XeTeXLinkMargin=\dimen266

(C:\Users\Rafy\AppData\Local\Programs\MiKTeX\tex/generic/bitset\bitset.sty
Package: bitset 2019/12/09 v1.3 Handle bit-vector datatype (HO)

(C:\Users\Rafy\AppData\Local\Programs\MiKTeX\tex/generic/bigintcalc\bigintcalc.
sty
Package: bigintcalc 2019/12/15 v1.5 Expandable calculations on big integers (HO
)
))
\Fld@menulength=\count327
\Field@Width=\dimen267
\Fld@charsize=\dimen268
Package hyperref Info: Hyper figures OFF on input line 6078.
Package hyperref Info: Link nesting OFF on input line 6083.
Package hyperref Info: Hyper index ON on input line 6086.
Package hyperref Info: backreferencing OFF on input line 6093.
Package hyperref Info: Link coloring OFF on input line 6098.
Package hyperref Info: Link coloring with OCG OFF on input line 6103.
Package hyperref Info: PDF/A mode OFF on input line 6108.
\Hy@abspage=\count328
\c@Item=\count329
\c@Hfootnote=\count330
)
Package hyperref Info: Driver (autodetected): hpdftex.

(C:\Users\Rafy\AppData\Local\Programs\MiKTeX\tex/latex/hyperref\hpdftex.def
File: hpdftex.def 2025-07-12 v7.01o Hyperref driver for pdfTeX
\Fld@listcount=\count331
\c@bookmark@seq@number=\count332

(C:\Users\Rafy\AppData\Local\Programs\MiKTeX\tex/latex/rerunfilecheck\rerunfile
check.sty
Package: rerunfilecheck 2025-06-21 v1.11 Rerun checks for auxiliary files (HO)

(C:\Users\Rafy\AppData\Local\Programs\MiKTeX\tex/generic/uniquecounter\uniqueco
unter.sty
Package: uniquecounter 2019/12/15 v1.4 Provide unlimited unique counter (HO)
)
Package uniquecounter Info: New unique counter `rerunfilecheck' on input line 2
84.
)
\Hy@SectionHShift=\skip70
)
Package hyperref Info: Option `colorlinks' set `true' on input line 17.

(C:\Users\Rafy\AppData\Local\Programs\MiKTeX\tex/latex/tools\bm.sty
Package: bm 2025/10/21 v1.2g Bold Symbol Support (DPC/FMi)
\symboldoperators=\mathgroup6
\symboldletters=\mathgroup7
\symboldsymbols=\mathgroup8
Package bm Info: No bold for \OMX/cmex/m/n, using \pmb.
Package bm Info: No bold for \U/msa/m/n, using \pmb.
Package bm Info: No bold for \U/msb/m/n, using \pmb.
LaTeX Font Info:    Redeclaring math alphabet \mathbf on input line 149.
)
(C:\Users\Rafy\AppData\Local\Programs\MiKTeX\tex/latex/l3backend\l3backend-pdft
ex.def
File: l3backend-pdftex.def 2025-10-09 L3 backend support: PDF output (pdfTeX)
\l__color_backend_stack_int=\count333
) (access.aux)
\openout1 = `access.aux'.

LaTeX Font Info:    Checking defaults for OML/cmm/m/it on input line 60.
LaTeX Font Info:    ... okay on input line 60.
LaTeX Font Info:    Checking defaults for OMS/cmsy/m/n on input line 60.
LaTeX Font Info:    ... okay on input line 60.
LaTeX Font Info:    Checking defaults for OT1/cmr/m/n on input line 60.
LaTeX Font Info:    ... okay on input line 60.
LaTeX Font Info:    Checking defaults for T1/cmr/m/n on input line 60.
LaTeX Font Info:    ... okay on input line 60.
LaTeX Font Info:    Checking defaults for TS1/cmr/m/n on input line 60.
LaTeX Font Info:    ... okay on input line 60.
LaTeX Font Info:    Checking defaults for OMX/cmex/m/n on input line 60.
LaTeX Font Info:    ... okay on input line 60.
LaTeX Font Info:    Checking defaults for U/cmr/m/n on input line 60.
LaTeX Font Info:    ... okay on input line 60.
LaTeX Font Info:    Checking defaults for PD1/pdf/m/n on input line 60.
LaTeX Font Info:    ... okay on input line 60.
LaTeX Font Info:    Checking defaults for PU/pdf/m/n on input line 60.
LaTeX Font Info:    ... okay on input line 60.

-- Lines per column: 56 (exact).
\symNewLetters=\mathgroup9
\symxsymbols=\mathgroup10
LaTeX Font Info:    Redeclaring math symbol \ddagger on input line 60.
LaTeX Font Info:    Redeclaring math symbol \dagger on input line 60.
\c@mv@regular=\count334
LaTeX Font Info:    Encoding `OT1' has changed to `T1' for symbol font
(Font)              `operators' in the math version `regular' on input line 60.

LaTeX Font Info:    Overwriting symbol font `operators' in version `regular'
(Font)                  OT1/cmr/m/n --> T1/formata/n/n on input line 60.
LaTeX Font Info:    Overwriting symbol font `NewLetters' in version `regular'
(Font)                  T1/times/n/it --> T1/formata/n/it on input line 60.
LaTeX Font Info:    Overwriting math alphabet `\mathrm' in version `regular'
(Font)                  T1/formata/n/n --> T1/formata/n/n on input line 60.
LaTeX Font Info:    Overwriting math alphabet `\mathit' in version `regular'
(Font)                  OT1/cmr/m/it --> T1/formata/n/it on input line 60.
LaTeX Font Info:    Overwriting math alphabet `\mathbf' in version `regular'
(Font)                  OT1/cmr/bx/n --> T1/formata/m/n on input line 60.
LaTeX Font Info:    Overwriting math alphabet `\mathtt' in version `regular'
(Font)                  OT1/cmtt/m/n --> OT1/pcr/m/n on input line 60.
\c@mv@medium=\count335
LaTeX Font Info:    Encoding `OT1' has changed to `T1' for symbol font
(Font)              `operators' in the math version `medium' on input line 60.
LaTeX Font Info:    Overwriting symbol font `operators' in version `medium'
(Font)                  OT1/cmr/m/n --> T1/formata/m/n on input line 60.
LaTeX Font Info:    Overwriting symbol font `NewLetters' in version `medium'
(Font)                  T1/times/n/it --> T1/formata/m/it on input line 60.
LaTeX Font Info:    Overwriting math alphabet `\mathrm' in version `medium'
(Font)                  > T1/formata/m/n on input line 60.
LaTeX Font Info:    Overwriting math alphabet `\mathit' in version `medium'
(Font)                  OT1/cmr/m/it --> T1/formata/m/it on input line 60.
LaTeX Font Info:    Overwriting math alphabet `\mathbf' in version `medium'
(Font)                  > T1/formata/b/n on input line 60.
LaTeX Font Info:    Overwriting math alphabet `\mathtt' in version `medium'
(Font)                  OT1/cmtt/m/n --> OT1/pcr/b/n on input line 60.
\c@mv@black=\count336
LaTeX Font Info:    Encoding `OT1' has changed to `T1' for symbol font
(Font)              `operators' in the math version `black' on input line 60.
LaTeX Font Info:    Overwriting symbol font `operators' in version `black'
(Font)                  OT1/cmr/m/n --> T1/formata/b/n on input line 60.
LaTeX Font Info:    Overwriting symbol font `NewLetters' in version `black'
(Font)                  T1/times/n/it --> T1/formata/b/it on input line 60.
LaTeX Font Info:    Overwriting math alphabet `\mathrm' in version `black'
(Font)                  > T1/formata/b/n on input line 60.
LaTeX Font Info:    Overwriting math alphabet `\mathit' in version `black'
(Font)                  OT1/cmr/m/it --> T1/formata/b/it on input line 60.
LaTeX Font Info:    Overwriting math alphabet `\mathbf' in version `black'
(Font)                  > T1/formata/b/n on input line 60.
LaTeX Font Info:    Overwriting math alphabet `\mathtt' in version `black'
(Font)                  OT1/cmtt/m/n --> OT1/pcr/b/n on input line 60.
LaTeX Font Info:    Trying to load font information for T1+ptm on input line 60
.
(C:\Users\Rafy\AppData\Local\Programs\MiKTeX\tex/latex/psnfss\t1ptm.fd
File: t1ptm.fd 2001/06/04 font definitions for T1/ptm.
)
LaTeX Font Info:    Trying to load font information for T1+times on input line 
60.

(t1times.fd)
(C:\Users\Rafy\AppData\Local\Programs\MiKTeX\tex/context/base/mkii\supp-pdf.mki
i
[Loading MPS to PDF converter (version 2006.09.02).]
\scratchcounter=\count337
\scratchdimen=\dimen269
\scratchbox=\box63
\nofMPsegments=\count338
\nofMParguments=\count339
\everyMPshowfont=\toks28
\MPscratchCnt=\count340
\MPscratchDim=\dimen270
\MPnumerator=\count341
\makeMPintoPDFobject=\count342
\everyMPtoPDFconversion=\toks29
)
(C:\Users\Rafy\AppData\Local\Programs\MiKTeX\tex/latex/epstopdf-pkg\epstopdf-ba
se.sty
Package: epstopdf-base 2020-01-24 v2.11 Base part for package epstopdf
Package epstopdf-base Info: Redefining graphics rule for `.eps' on input line 4
85.

(C:\Users\Rafy\AppData\Local\Programs\MiKTeX\tex/latex/00miktex\epstopdf-sys.cf
g
File: epstopdf-sys.cfg 2021/03/18 v2.0 Configuration of epstopdf for MiKTeX
))
Package hyperref Info: Link coloring ON on input line 60.
 (access.out) (access.out)
\@outlinefile=\write3
\openout3 = `access.out'.

LaTeX Font Info:    Redeclaring math version `bold' on input line 60.
LaTeX Font Info:    Encoding `OT1' has changed to `T1' for symbol font
(Font)              `operators' in the math version `bold' on input line 60.
LaTeX Font Info:    Overwriting symbol font `operators' in version `bold'
(Font)                  OT1/cmr/m/n --> T1/times/b/n on input line 60.
LaTeX Font Info:    Overwriting symbol font `NewLetters' in version `bold'
(Font)                  T1/times/n/it --> T1/times/b/it on input line 60.
LaTeX Font Info:    Overwriting math alphabet `\mathrm' in version `bold'
(Font)                  > T1/times/b/n on input line 60.
LaTeX Font Info:    Overwriting math alphabet `\mathit' in version `bold'
(Font)                  OT1/cmr/m/it --> T1/times/b/it on input line 60.
LaTeX Font Info:    Overwriting math alphabet `\mathbf' in version `bold'
(Font)                  > T1/times/b/n on input line 60.
LaTeX Font Info:    Overwriting math alphabet `\mathtt' in version `bold'
(Font)                  OT1/cmtt/m/n --> OT1/pcr/b/n on input line 60.
LaTeX Font Info:    Overwriting symbol font `symbols' in version `bold'
(Font)                  OMS/cmsy/m/n --> OMS/cmsy/b/n on input line 60.
 (sections/00_title.tex) (sections/00_abstract.tex
<bullet.png, id=98, 12.045pt x 35.38219pt>
File: bullet.png Graphic file (type png)
<use bullet.png>
Package pdftex.def Info: bullet.png  used on input line 1.
(pdftex.def)             Requested size: 5.0pt x 14.6871pt.
File: bullet.png Graphic file (type png)
<use bullet.png>
Package pdftex.def Info: bullet.png  used on input line 5.
(pdftex.def)             Requested size: 5.0pt x 14.6871pt.
)
LaTeX Font Info:    Trying to load font information for U+msa on input line 71.

 (C:\Users\Rafy\AppData\Local\Programs\MiKTeX\tex/latex/amsfonts\umsa.fd
File: umsa.fd 2013/01/14 v3.01 AMS symbols A
)
LaTeX Font Info:    Trying to load font information for U+msb on input line 71.


(C:\Users\Rafy\AppData\Local\Programs\MiKTeX\tex/latex/amsfonts\umsb.fd
File: umsb.fd 2013/01/14 v3.01 AMS symbols B
)
LaTeX Font Info:    Calculating math sizes for size <9.9> on input line 71.
<images/orcid.png, id=100, 32.12pt x 32.12pt>
File: images/orcid.png Graphic file (type png)
<use images/orcid.png>
Package pdftex.def Info: images/orcid.png  used on input line 71.
(pdftex.def)             Requested size: 5.99992pt x 6.0pt.
File: images/orcid.png Graphic file (type png)
<use images/orcid.png>
Package pdftex.def Info: images/orcid.png  used on input line 71.
(pdftex.def)             Requested size: 5.99992pt x 6.0pt.
File: images/orcid.png Graphic file (type png)
<use images/orcid.png>
Package pdftex.def Info: images/orcid.png  used on input line 71.
(pdftex.def)             Requested size: 5.99992pt x 6.0pt.
File: images/orcid.png Graphic file (type png)
<use images/orcid.png>
Package pdftex.def Info: images/orcid.png  used on input line 71.
(pdftex.def)             Requested size: 5.99992pt x 6.0pt.
LaTeX Font Info:    Calculating math sizes for size <6.6> on input line 71.

Overfull \hbox (9.2679pt too wide) in paragraph at lines 71--71
[]  
 []


Overfull \hbox (9.2679pt too wide) in paragraph at lines 71--71
[]  
 []

(sections/01_introduction.tex
Underfull \hbox (badness 1389) in paragraph at lines 4--5
\T1/times/n/n/10 per-anan pent-ing dalam berba-gai do-main ap-likasi cer-das,
 []


Underfull \vbox (badness 10000) has occurred while \output is active []


Underfull \vbox (badness 10000) has occurred while \output is active []

<logo.png, id=104, 206.27063pt x 53.44969pt>
File: logo.png Graphic file (type png)
<use logo.png>
Package pdftex.def Info: logo.png  used on input line 7.
(pdftex.def)             Requested size: 91.32pt x 23.66309pt.

Overfull \hbox (505.12177pt too wide) has occurred while \output is active
[]
 []


Overfull \hbox (505.12177pt too wide) has occurred while \output is active
[]
 []


Overfull \hbox (505.12177pt too wide) has occurred while \output is active
[]
 []


Underfull \hbox (badness 10000) has occurred while \output is active
[]
 []

[1


 <./logo.png> <./images/orcid.png> <./bullet.png>]
Underfull \hbox (badness 2799) in paragraph at lines 8--9
\T1/times/n/n/10 melalui mekanisme Multi-Head Self-Attention (MHSA),
 []


Underfull \hbox (badness 4072) in paragraph at lines 16--17
[]\T1/times/n/n/10 A Tri-Domain ViT fea-ture fu-sion frame-work in-
 []


Underfull \hbox (badness 4254) in paragraph at lines 16--17
\T1/times/n/n/10 te-grat-ing face-associated bio-met-ric rep-re-sen-ta-tions,
 []


Underfull \hbox (badness 2653) in paragraph at lines 16--17
\T1/times/n/n/10 fa-cial rep-re-sen-ta-tions into a uni-fied la-tent fea-ture
 []


Underfull \hbox (badness 1748) in paragraph at lines 16--17
\T1/times/n/n/10 vec-tor for in-ter-sec-tional de-mo-graphic clas-si-fi-ca-tion

 []


Underfull \hbox (badness 2205) in paragraph at lines 17--18
\T1/times/n/n/10 learn-ing clas-si-fiers op-ti-mized via Strat-i-fied Cross-
 []


Underfull \hbox (badness 1762) in paragraph at lines 18--19
[]\T1/times/n/n/10 Competitive clas-si-fi-ca-tion per-for-mance on the De-
 []


Underfull \hbox (badness 2229) in paragraph at lines 19--20
\T1/times/n/n/10 mengeval-u-asi per-forma klasi-fikasi di keenam sub-
 []


Underfull \vbox (badness 4543) has occurred while \output is active []

<notaglinelogo.png, id=137, 169.38281pt x 42.91031pt>
File: notaglinelogo.png Graphic file (type png)
<use notaglinelogo.png>
Package pdftex.def Info: notaglinelogo.png  used on input line 20.
(pdftex.def)             Requested size: 91.32pt x 23.1352pt.


LaTeX Font Warning: Font shape `T1/formata/m/sl' undefined
(Font)              using `T1/formata/m/it' instead on input line 20.


Overfull \hbox (505.12177pt too wide) has occurred while \output is active
[]
 []


Overfull \hbox (505.12177pt too wide) has occurred while \output is active
[]
 []


Underfull \hbox (badness 10000) has occurred while \output is active
[]
 []

[2 <./notaglinelogo.png>]) (sections/02_related-works.tex
Underfull \hbox (badness 3503) in paragraph at lines 6--7
\T1/times/n/n/10 Melalui mekanisme MHSA, model trans-former mampu
 []


Underfull \hbox (badness 2426) in paragraph at lines 6--7
\T1/times/n/n/10 yang kaku [][][[][]4[][]][][]. Karak-ter-is-tik struk-tu-ral t
erse-but ter-bukti
 []


Underfull \hbox (badness 2393) in paragraph at lines 8--9
[]\T1/times/n/n/10 Investigasi ter-hadap dis-par-i-tas per-forma dalam sis-tem
 []


Underfull \hbox (badness 2452) in paragraph at lines 8--9
\T1/times/n/n/10 visi kom-puter men-dorong pengem-ban-gan pro-tokol eval-
 []


Underfull \hbox (badness 2205) in paragraph at lines 8--9
\T1/times/n/n/10 u-asi berba-sis dis-tribusi ke-las yang se-im-bang. Pen-gu-jia
n
 []

)

LaTeX Font Warning: Font shape `T1/formata/m/sl' undefined
(Font)              using `T1/formata/m/it' instead on input line 77.

File: notaglinelogo.png Graphic file (type png)
<use notaglinelogo.png>
Package pdftex.def Info: notaglinelogo.png  used on input line 77.
(pdftex.def)             Requested size: 91.32pt x 23.1352pt.

Overfull \hbox (505.12177pt too wide) has occurred while \output is active
[]
 []


Overfull \hbox (505.12177pt too wide) has occurred while \output is active
[]
 []


Underfull \hbox (badness 10000) has occurred while \output is active
[]
 []

[3] (sections/03_materials-and-methods_0-overview.tex
<images/method.png, id=199, 1890.3122pt x 875.52094pt>
File: images/method.png Graphic file (type png)
<use images/method.png>
Package pdftex.def Info: images/method.png  used on input line 6.
(pdftex.def)             Requested size: 505.12177pt x 233.94905pt.
)
(sections/03_materials-and-methods_a-dataset.tex
<images/sample_demogpairs.png, id=202, 1076.823pt x 232.9503pt>
File: images/sample_demogpairs.png Graphic file (type png)
<use images/sample_demogpairs.png>
Package pdftex.def Info: images/sample_demogpairs.png  used on input line 6.
(pdftex.def)             Requested size: 505.12177pt x 109.27338pt.
LaTeX Font Info:    Trying to load font information for TS1+times on input line
 33.
LaTeX Font Info:    No file TS1times.fd. on input line 33.


LaTeX Font Warning: Font shape `TS1/times/n/n' undefined
(Font)              using `TS1/cmr/m/n' instead
(Font)              for symbol `texttimes' on input line 33.

) (sections/03_materials-and-methods_b-vision-transformer.tex
<images/vit.png, id=207, 1818.04219pt x 733.99219pt>
File: images/vit.png Graphic file (type png)
<use images/vit.png>
Package pdftex.def Info: images/vit.png  used on input line 6.
(pdftex.def)             Requested size: 242.67355pt x 97.96468pt.

Underfull \hbox (badness 10000) in paragraph at lines 26--28
\T1/times/n/n/10 Mekanisme self-attention den-gan 12 at-ten-tion heads
 []


Underfull \hbox (badness 10000) in paragraph at lines 29--30
\T1/times/n/n/10 gah vari-abil-i-tas pelati-han ulang, ketiga model back-
 []


Underfull \hbox (badness 10000) in paragraph at lines 29--30
\T1/times/n/n/10 bone ViT dibekukan (frozen) se-ba-gai penye-dia task-
 []


Underfull \hbox (badness 5696) in paragraph at lines 29--30
\T1/times/n/n/10 (skutaada/VIT-VGGFace) menangkap rep-re-sen-tasi terkait
 []


Underfull \hbox (badness 1769) in paragraph at lines 29--30
\T1/times/n/n/10 ge-ometri biometrik wa-jah, ViT-Emotion (dima806/facial-
 []


Underfull \hbox (badness 10000) in paragraph at lines 29--30
\T1/times/n/n/10 _emotions-_image-_detection) meng-hasilkan rep-re-sen-tasi
 []

File: notaglinelogo.png Graphic file (type png)
<use notaglinelogo.png>
Package pdftex.def Info: notaglinelogo.png  used on input line 30.
(pdftex.def)             Requested size: 91.32pt x 23.1352pt.

LaTeX Font Warning: Font shape `T1/formata/m/sl' undefined
(Font)              using `T1/formata/m/it' instead on input line 30.


Overfull \hbox (505.12177pt too wide) has occurred while \output is active
[]
 []


Overfull \hbox (505.12177pt too wide) has occurred while \output is active
[]
 []


Underfull \hbox (badness 10000) has occurred while \output is active
[]
 []

[4]
Overfull \hbox (1.60468pt too wide) in paragraph at lines 45--58
 [][] 
 []

) (sections/03_materials-and-methods_c-random-forest.tex)
(sections/03_materials-and-methods_d-gaussian-naive-bayes.tex
Underfull \hbox (badness 2503) in paragraph at lines 25--1
\T1/times/n/n/10 sam-pel citra melin-tasi selu-ruh po-hon kepu-tu-san. Prose-
 []


LaTeX Font Warning: Font shape `T1/formata/m/sl' undefined
(Font)              using `T1/formata/m/it' instead on input line 1.

File: notaglinelogo.png Graphic file (type png)
<use notaglinelogo.png>
Package pdftex.def Info: notaglinelogo.png  used on input line 1.
(pdftex.def)             Requested size: 91.32pt x 23.1352pt.

Overfull \hbox (505.12177pt too wide) has occurred while \output is active
[]
 []


Overfull \hbox (505.12177pt too wide) has occurred while \output is active
[]
 []


Underfull \hbox (badness 10000) has occurred while \output is active
[]
 []

[5 <./images/method.png> <./images/sample_demogpairs.png> <./images/vit.png>])
(sections/03_materials-and-methods_e-logistic-regression.tex)
(sections/03_materials-and-methods_f-support-vector-machine.tex
Underfull \hbox (badness 3281) in paragraph at lines 24--25
\T1/times/n/n/10 Pengklasifikasi SVM men-gon-struk-sikan bidang pemisah
 []


Underfull \hbox (badness 8151) in paragraph at lines 24--25
\T1/times/n/n/10 ber-jarak ter-jauh (max-i-mum mar-gin hy-per-plane) un-tuk
 []

) (sections/03_materials-and-methods_g-classification-pipeline.tex
File: notaglinelogo.png Graphic file (type png)
<use notaglinelogo.png>
Package pdftex.def Info: notaglinelogo.png  used on input line 8.
(pdftex.def)             Requested size: 91.32pt x 23.1352pt.


LaTeX Font Warning: Font shape `T1/formata/m/sl' undefined
(Font)              using `T1/formata/m/it' instead on input line 8.


Overfull \hbox (505.12177pt too wide) has occurred while \output is active
[]
 []


Overfull \hbox (505.12177pt too wide) has occurred while \output is active
[]
 []


Underfull \hbox (badness 10000) has occurred while \output is active
[]
 []

[6]) (sections/03_materials-and-methods_h-evaluation-metrics.tex
Underfull \hbox (badness 1552) in paragraph at lines 10--1
\T1/times/n/n/10 mem-per-ta-hankan pro-porsi se-im-bang $\OMS/cmsy/m/n/10 ^^X \
OT1/cmr/m/n/10 16\OML/cmm/m/it/10 :\OT1/cmr/m/n/10 67%$ \T1/times/n/n/10 per ke
-
 []


LaTeX Font Warning: Font shape `T1/formata/m/sl' undefined
(Font)              using `T1/formata/m/it' instead on input line 13.

File: notaglinelogo.png Graphic file (type png)
<use notaglinelogo.png>
Package pdftex.def Info: notaglinelogo.png  used on input line 13.
(pdftex.def)             Requested size: 91.32pt x 23.1352pt.

Overfull \hbox (505.12177pt too wide) has occurred while \output is active
[]
 []


Overfull \hbox (505.12177pt too wide) has occurred while \output is active
[]
 []


Underfull \hbox (badness 10000) has occurred while \output is active
[]
 []

[7]) (sections/04_results-and-discussion_a-global-performance.tex
Underfull \hbox (badness 2261) in paragraph at lines 47--48
[]\T1/times/n/n/10 Evaluasi per-forma klasi-fikasi prob-a-bilis-tik GNB pada
 []


Underfull \hbox (badness 2020) in paragraph at lines 47--48
\T1/times/n/n/10 tu-juh vari-asi kon-fig-urasi fi-tur di-rangkum pada Ta-ble []
[]8[][].
 []


Underfull \hbox (badness 2027) in paragraph at lines 47--48
\T1/times/n/n/10 Meskipun di-batasi oleh asumsi dasar in-de-pen-densi fi-tur
 []


Underfull \hbox (badness 1975) in paragraph at lines 47--48
\T1/times/n/n/10 ca-pa-ian teren-dah den-gan Akurasi 69.63% dan F1-Score
 []


Underfull \hbox (badness 1824) in paragraph at lines 89--90
[]\T1/times/n/n/10 Perkembangan per-forma SVM melin-tasi selu-ruh taha-
 []


Underfull \hbox (badness 1648) in paragraph at lines 89--90
\T1/times/n/n/10 pan ablasi fi-tur di-rangkum pada Ta-ble [][]10[][]. Serupa de
n-
 []


Underfull \hbox (badness 1584) in paragraph at lines 89--90
\T1/times/n/n/10 ten mem-per-ta-hankan ru-ang rep-re-sen-tasi penuh tanpa re-
 []

) (sections/04_results-and-discussion_b-feature-ablation-analysis.tex
Underfull \hbox (badness 2671) in paragraph at lines 91--1
[]\T1/times/n/n/10 Sintesis kom-para-tif deskrip-tif melin-tasi 28 kom-bi-nasi
 []


Underfull \hbox (badness 1715) in paragraph at lines 91--1
\T1/times/n/n/10 tri-domain Face $\OMS/cmsy/m/n/10 ^^H$ \T1/times/n/n/10 Emo-ti
on $\OMS/cmsy/m/n/10 ^^H$ \T1/times/n/n/10 Age men-em-pati ca-pa-ian
 []


Underfull \hbox (badness 1715) in paragraph at lines 91--1
\T1/times/n/n/10 per-forma tert-inggi dalam ru-ang pen-car-ian yang dieval-u-
 []

File: notaglinelogo.png Graphic file (type png)
<use notaglinelogo.png>
Package pdftex.def Info: notaglinelogo.png  used on input line 1.
(pdftex.def)             Requested size: 91.32pt x 23.1352pt.

LaTeX Font Warning: Font shape `T1/formata/m/sl' undefined
(Font)              using `T1/formata/m/it' instead on input line 1.


Overfull \hbox (505.12177pt too wide) has occurred while \output is active
[]
 []


Overfull \hbox (505.12177pt too wide) has occurred while \output is active
[]
 []


Underfull \hbox (badness 10000) has occurred while \output is active
[]
 []

[8]
Underfull \hbox (badness 5203) in paragraph at lines 4--5
\T1/times/n/n/10 di-rangkum pada Ta-ble [][]7[][], Ta-ble [][]8[][], Ta-ble [][
]9[][], dan Ta-
 []


Underfull \hbox (badness 2790) in paragraph at lines 4--5
\T1/times/n/n/10 kon-fig-urasi tri-domain Face $\OMS/cmsy/m/n/10 ^^H$ \T1/times
/n/n/10 Emo-tion $\OMS/cmsy/m/n/10 ^^H$ \T1/times/n/n/10 Age meng-
 []

)
(sections/04_results-and-discussion_c-intersectional-subgroup-performance-analy
sis.tex
Underfull \hbox (badness 1983) in paragraph at lines 29--30
\T1/times/n/n/10 berhasil men-ca-pai F1-Score melam-paui 91.00%, den-gan
 []


LaTeX Font Warning: Font shape `T1/formata/m/sl' undefined
(Font)              using `T1/formata/m/it' instead on input line 30.

File: notaglinelogo.png Graphic file (type png)
<use notaglinelogo.png>
Package pdftex.def Info: notaglinelogo.png  used on input line 30.
(pdftex.def)             Requested size: 91.32pt x 23.1352pt.

Overfull \hbox (505.12177pt too wide) has occurred while \output is active
[]
 []


Overfull \hbox (505.12177pt too wide) has occurred while \output is active
[]
 []


Underfull \hbox (badness 10000) has occurred while \output is active
[]
 []

[9]) (sections/04_results-and-discussion_d-error-pattern-analysis.tex
Underfull \vbox (badness 10000) has occurred while \output is active []


Underfull \vbox (badness 10000) has occurred while \output is active []

File: notaglinelogo.png Graphic file (type png)
<use notaglinelogo.png>
Package pdftex.def Info: notaglinelogo.png  used on input line 1.
(pdftex.def)             Requested size: 91.32pt x 23.1352pt.


LaTeX Font Warning: Font shape `T1/formata/m/sl' undefined
(Font)              using `T1/formata/m/it' instead on input line 1.


Overfull \hbox (505.12177pt too wide) has occurred while \output is active
[]
 []


Overfull \hbox (505.12177pt too wide) has occurred while \output is active
[]
 []


Underfull \hbox (badness 10000) has occurred while \output is active
[]
 []

[10]
<images/confusion_matrix_single.png, id=323, 534.3162pt x 444.7014pt>
File: images/confusion_matrix_single.png Graphic file (type png)
<use images/confusion_matrix_single.png>
Package pdftex.def Info: images/confusion_matrix_single.png  used on input line
 6.
(pdftex.def)             Requested size: 161.64265pt x 134.53107pt.
<images/confusion_matrix_dual.png, id=324, 534.3162pt x 444.7014pt>
File: images/confusion_matrix_dual.png Graphic file (type png)
<use images/confusion_matrix_dual.png>
Package pdftex.def Info: images/confusion_matrix_dual.png  used on input line 7
.
(pdftex.def)             Requested size: 161.64265pt x 134.53107pt.
<images/confusion_matrix_tri.png, id=325, 534.3162pt x 444.7014pt>
File: images/confusion_matrix_tri.png Graphic file (type png)
<use images/confusion_matrix_tri.png>
Package pdftex.def Info: images/confusion_matrix_tri.png  used on input line 8.

(pdftex.def)             Requested size: 161.64265pt x 134.53107pt.

Underfull \hbox (badness 2689) in paragraph at lines 15--16
\T1/times/n/n/10 sub-kelom-pok White Fe-males men-catatkan 20 ke-sala-han
 []


Underfull \hbox (badness 1874) in paragraph at lines 17--18
[]\T1/times/n/n/10 Perubahan dis-tribusi ke-sala-han klasi-fikasi pada model
 []


Underfull \hbox (badness 10000) in paragraph at lines 17--18
\T1/times/n/n/10 dual-domain Emo-tion $\OMS/cmsy/m/n/10 ^^H$ \T1/times/n/n/10 F
ace di-anal-i-sis lebih lan-jut
 []


Underfull \hbox (badness 1472) in paragraph at lines 17--18
\T1/times/n/n/10 bersamaan, jum-lah sam-pel prediksi be-nar (true pos-i-tive)
 []

)
(sections/04_results-and-discussion_e-analysis-of-selected-svm-kernel-configura
tion.tex)
(sections/04_results-and-discussion_f-comparison-with-prior-studies.tex
Underfull \hbox (badness 3199) in paragraph at lines 6--1
\T1/times/n/n/10 Pemil-i-han opsi pca=None terse-but me-nun-jukkan bahwa
 []

)

LaTeX Font Warning: Font shape `T1/formata/m/sl' undefined
(Font)              using `T1/formata/m/it' instead on input line 96.

File: notaglinelogo.png Graphic file (type png)
<use notaglinelogo.png>
Package pdftex.def Info: notaglinelogo.png  used on input line 96.
(pdftex.def)             Requested size: 91.32pt x 23.1352pt.

Overfull \hbox (505.12177pt too wide) has occurred while \output is active
[]
 []


Overfull \hbox (505.12177pt too wide) has occurred while \output is active
[]
 []


Underfull \hbox (badness 10000) has occurred while \output is active
[]
 []

[11] (sections/05_conclusion.tex) (access.bbl
Underfull \vbox (badness 10000) has occurred while \output is active []

File: notaglinelogo.png Graphic file (type png)
<use notaglinelogo.png>
Package pdftex.def Info: notaglinelogo.png  used on input line 28.
(pdftex.def)             Requested size: 91.32pt x 23.1352pt.


LaTeX Font Warning: Font shape `T1/formata/m/sl' undefined
(Font)              using `T1/formata/m/it' instead on input line 28.


Overfull \hbox (505.12177pt too wide) has occurred while \output is active
[]
 []


Overfull \hbox (505.12177pt too wide) has occurred while \output is active
[]
 []


Underfull \hbox (badness 10000) has occurred while \output is active
[]
 []

[12 <./images/confusion_matrix_single.png> <./images/confusion_matrix_dual.png>
 <./images/confusion_matrix_tri.png>]) (sections/07_biographies.tex

Package hyperref Warning: The anchor of a bookmark and its parent's must not
(hyperref)                be the same. Added a new anchor on input line 1.

<images/author_ricky.jpg, id=361, 401.5pt x 601.24625pt>
File: images/author_ricky.jpg Graphic file (type jpg)
<use images/author_ricky.jpg>
Package pdftex.def Info: images/author_ricky.jpg  used on input line 1.
(pdftex.def)             Requested size: 60.32042pt x 90.32982pt.
File: images/author_ricky.jpg Graphic file (type jpg)
<use images/author_ricky.jpg>
Package pdftex.def Info: images/author_ricky.jpg  used on input line 1.
(pdftex.def)             Requested size: 60.32042pt x 90.32982pt.

Underfull \hbox (badness 2635) in paragraph at lines 1--3
\T1/times/n/n/8 serta mem-per-oleh gelar Pro-fesi In-sinyur pada
 []

<images/author_rezky.jpg, id=365, 526.96875pt x 792.71156pt>
File: images/author_rezky.jpg Graphic file (type jpg)
<use images/author_rezky.jpg>
Package pdftex.def Info: images/author_rezky.jpg  used on input line 5.
(pdftex.def)             Requested size: 60.04932pt x 90.33134pt.
File: images/author_rezky.jpg Graphic file (type jpg)
<use images/author_rezky.jpg>
Package pdftex.def Info: images/author_rezky.jpg  used on input line 5.
(pdftex.def)             Requested size: 60.04932pt x 90.33134pt.
<images/author_yuni.jpg, id=369, 401.5pt x 601.24625pt>
File: images/author_yuni.jpg Graphic file (type jpg)
<use images/author_yuni.jpg>
Package pdftex.def Info: images/author_yuni.jpg  used on input line 9.
(pdftex.def)             Requested size: 60.32042pt x 90.32982pt.
File: images/author_yuni.jpg Graphic file (type jpg)
<use images/author_yuni.jpg>
Package pdftex.def Info: images/author_yuni.jpg  used on input line 9.
(pdftex.def)             Requested size: 60.32042pt x 90.32982pt.

Underfull \hbox (badness 10000) in paragraph at lines 9--11
\T1/times/n/n/8 Uni-ver-si-tas Negeri Surabaya (UN-ESA) den-
 []


Underfull \hbox (badness 3525) in paragraph at lines 9--11
\T1/times/n/n/8 gan lan-dasan keil-muan yang kokoh di dunia
 []

<images/author_rafy.jpg, id=373, 526.96875pt x 792.71156pt>
File: images/author_rafy.jpg Graphic file (type jpg)
<use images/author_rafy.jpg>
Package pdftex.def Info: images/author_rafy.jpg  used on input line 13.
(pdftex.def)             Requested size: 60.04932pt x 90.33134pt.
File: images/author_rafy.jpg Graphic file (type jpg)
<use images/author_rafy.jpg>
Package pdftex.def Info: images/author_rafy.jpg  used on input line 13.
(pdftex.def)             Requested size: 60.04932pt x 90.33134pt.

Underfull \hbox (badness 2469) in paragraph at lines 13--15
\T1/times/n/n/8 Ilmu Kom-puter. Se-masa studi, be-liau berhasil
 []

)
File: bullet.png Graphic file (type png)
<use bullet.png>
Package pdftex.def Info: bullet.png  used on input line 107.
(pdftex.def)             Requested size: 5.0pt x 14.6871pt.


LaTeX Font Warning: Font shape `T1/formata/m/sl' undefined
(Font)              using `T1/formata/m/it' instead on input line 109.

File: notaglinelogo.png Graphic file (type png)
<use notaglinelogo.png>
Package pdftex.def Info: notaglinelogo.png  used on input line 109.
(pdftex.def)             Requested size: 91.32pt x 23.1352pt.

Overfull \hbox (505.12177pt too wide) has occurred while \output is active
[]
 []


Overfull \hbox (505.12177pt too wide) has occurred while \output is active
[]
 []


Underfull \hbox (badness 10000) has occurred while \output is active
[]
 []

[13 <./images/author_ricky.jpg> <./images/author_rezky.jpg> <./images/author_yu
ni.jpg> <./images/author_rafy.jpg>] (access.aux)
 ***********
LaTeX2e <2025-11-01>
L3 programming layer <2025-12-24>
 ***********


LaTeX Font Warning: Some font shapes were not available, defaults substituted.

Package rerunfilecheck Info: File `access.out' has not changed.
(rerunfilecheck)             Checksum: CB191FE0C3CBFA5A843DA049F14F2B63;3703.
 ) 
Here is how much of TeX's memory you used:
 12372 strings out of 467871
 200248 string characters out of 5418860
 638265 words of memory out of 5000000
 40901 multiletter control sequences out of 15000+600000
 714583 words of font info for 178 fonts, out of 8000000 for 9000
 1141 hyphenation exceptions out of 8191
 75i,15n,79p,1706b,641s stack positions out of 10000i,1000n,20000p,200000b,200000s

pdfTeX warning (dest): name{section*.1} has been referenced but does not exist,
 replaced by a fixed one

 <C:\Users\Rafy\AppData\Local\MiKTeX\fonts/pk/ljfour/jknappen/ec/dpi600\tcrm100
0.pk><C:/Users/Rafy/AppData/Local/Programs/MiKTeX/fonts/type1/public/amsfonts/c
m/cmbx10.pfb><C:/Users/Rafy/AppData/Local/Programs/MiKTeX/fonts/type1/public/am
sfonts/cm/cmbx7.pfb><C:/Users/Rafy/AppData/Local/Programs/MiKTeX/fonts/type1/pu
blic/amsfonts/cm/cmex10.pfb><C:/Users/Rafy/AppData/Local/Programs/MiKTeX/fonts/
type1/public/amsfonts/cm/cmmi10.pfb><C:/Users/Rafy/AppData/Local/Programs/MiKTe
X/fonts/type1/public/amsfonts/cm/cmmi7.pfb><C:/Users/Rafy/AppData/Local/Program
s/MiKTeX/fonts/type1/public/amsfonts/cm/cmmi8.pfb><C:/Users/Rafy/AppData/Local/
Programs/MiKTeX/fonts/type1/public/amsfonts/cm/cmr10.pfb><C:/Users/Rafy/AppData
/Local/Programs/MiKTeX/fonts/type1/public/amsfonts/cm/cmr6.pfb><C:/Users/Rafy/A
ppData/Local/Programs/MiKTeX/fonts/type1/public/amsfonts/cm/cmr7.pfb><C:/Users/
Rafy/AppData/Local/Programs/MiKTeX/fonts/type1/public/amsfonts/cm/cmr8.pfb><C:/
Users/Rafy/AppData/Local/Programs/MiKTeX/fonts/type1/public/amsfonts/cm/cmsy10.
pfb><C:/Users/Rafy/AppData/Local/Programs/MiKTeX/fonts/type1/public/amsfonts/cm
/cmsy6.pfb><C:/Users/Rafy/AppData/Local/Programs/MiKTeX/fonts/type1/public/amsf
onts/cm/cmsy7.pfb><C:/Users/Rafy/AppData/Local/Programs/MiKTeX/fonts/type1/publ
ic/amsfonts/cm/cmsy8.pfb><C:/Users/Rafy/AppData/Local/Programs/MiKTeX/fonts/typ
e1/public/amsfonts/symbols/msbm10.pfb><./t1-formata-bold.pfb><./t1-formata-cond
medium.pfb><./t1-formata-medium.pfb><./t1-formata-mediumitalic.pfb><./t1-format
a-regular.pfb><./t1-giovannistd-bookitalic.pfb><./t1-times-bold.pfb><./t1-times
-italic.pfb><./t1-times.pfb>
Output written on access.pdf (13 pages, 3586075 bytes).
PDF statistics:
 513 PDF objects out of 1000 (max. 8388607)
 87 named destinations out of 1000 (max. 500000)
 319 words of extra memory for PDF output out of 10000 (max. 10000000)

